../Core/Src/main.c:91:5:main	80	static
../Core/Src/main.c:157:6:SystemClock_Config	88	static
../Core/Src/main.c:204:13:MX_SPI2_Init	8	static
../Core/Src/main.c:242:13:MX_USART1_UART_Init	8	static
../Core/Src/main.c:275:13:MX_USART2_UART_Init	8	static
../Core/Src/main.c:308:13:MX_USART6_UART_Init	8	static
../Core/Src/main.c:339:13:MX_DMA_Init	16	static
../Core/Src/main.c:364:13:MX_GPIO_Init	48	static
../Core/Src/main.c:393:6:HAL_UART_RxCpltCallback	16	static
../Core/Src/main.c:397:6:isInitialized	16	static
../Core/Src/main.c:415:13:getSensorData	160	static
../Core/Src/main.c:422:6:hasCommandAvailable	4	static
../Core/Src/main.c:426:6:hasCurrentCommand	4	static
../Core/Src/main.c:430:6:setNextCommand	4	static
../Core/Src/main.c:434:6:sendLog	4	static
../Core/Src/main.c:438:6:hasCommandStarted	4	static
../Core/Src/main.c:442:6:startCommand	4	static
../Core/Src/main.c:446:6:isCommandCompleted	4	static
../Core/Src/main.c:450:6:endCommand	4	static
../Core/Src/main.c:460:6:Error_Handler	4	static,ignoring_inline_asm
